HTTP Error 404: Not Found{"quoteSummary":{"result":null,"error":{"code":"Not Found","description":"Quote not found for symbol: MWK26.CBT"}}}
$MWK26.CBT: possibly delisted; no price data found  (period=5d) (Yahoo error = "No data found, symbol may be delisted")
HTTP Error 404: Not Found{"quoteSummary":{"result":null,"error":{"code":"Not Found","description":"Quote not found for symbol: MWN26.CBT"}}}
$MWN26.CBT: possibly delisted; no price data found  (period=5d) (Yahoo error = "No data found, symbol may be delisted")
$MWK26.CBT: possibly delisted; no price data found  (period=5d) (Yahoo error = "No data found, symbol may be delisted")
$MWK26.CBT: possibly delisted; no price data found  (period=5d) (Yahoo error = "No data found, symbol may be delisted")
$MWN26.CBT: possibly delisted; no price data found  (period=5d) (Yahoo error = "No data found, symbol may be delisted")
Fetching EOD data for 2026-04-15...

================================================================
  MARKETBULLETS -- END-OF-DAY FUTURES REPORT
  Wednesday, April 15, 2026  |  CME Settlement
================================================================

  WHEAT FUTURES                                        c/bu
  --------------------------------------------------------------
  CONTRACT         SETTLE        CHANGE     OPEN     HIGH      LOW     VOL
  --------------------------------------------------------------
  SRW  ZW MAY26    593.25  +  1.25  (+0.2%)     592.00   597.00   585.25     73K
  SRW  ZW JUL26    600.50   -0.75  (-0.1%)     600.75   604.50   593.75     78K
  ..............................................................
  HRW  KE MAY26    624.00  +  1.25  (+0.2%)     623.25   629.50   614.50     36K
  HRW  KE JUL26    636.75  +  0.50  (+0.1%)     636.00   641.50   627.75     42K
  ..............................................................
  HRS  MW MAY26       N/A       N/A            N/A      N/A      N/A     N/A
  HRS  MW JUL26       N/A       N/A            N/A      N/A      N/A     N/A
  ..............................................................

  SPREADS  (front month: MAY26)
  ----------------------------------------
  HRW premium over SRW:         -30.75 c/bu
  HRS premium over SRW:         N/A
  HRS premium over HRW:         N/A

  CARRY  (MAY26 vs JUL26)
  ----------------------------------------
  SRW  ZW         JUL26 vs MAY26:  +7.25 c/bu
  HRW  KE         JUL26 vs MAY26:  +12.75 c/bu
  HRS  MW         N/A

  CORRELATED MARKETS
  ----------------------------------------
  U.S. Dollar (DXY)            98.05   -0.07  (-0.1%)  
  Crude Oil WTI                91.28  +  0.00  (+0.0%)  

  Data: yfinance / CME  |  Generated 2026-04-15 15:14:07
================================================================

Saved -> c:\Users\hofer\OneDrive\Documents\GitHub\WEBSITECHARTS\tools\eod_reports\eod_20260415.txt
